[2026-08-16T16:53:28.906Z] Starting dev server with command: pnpm run dev
[2026-08-16T16:53:31.104Z] > egypt-employment-contract-generator@1.0.0 dev /home/ubuntu/egypt-employment-contract-generator
[2026-08-16T16:53:31.104Z] > vite --host
[2026-08-16T16:53:31.633Z] VITE v7.1.9  ready in 484 ms
[2026-08-16T16:53:31.634Z] ➜  Local:   http://localhost:3000/
[2026-08-16T16:53:31.634Z] ➜  Network: http://169.254.0.21:3000/
[2026-08-16T16:54:59.595Z] 4:54:59 PM [vite] (client) page reload index.html
[2026-08-16T17:00:55.187Z] [baseline-browser-mapping] The data in this module is over two months old.  To ensure accurate Baseline data, please update: `npm i baseline-browser-mapping@latest -D`
[2026-08-16T17:00:57.311Z] 5:00:57 PM [vite] (client) ✨ new dependencies optimized: @radix-ui/react-label, @radix-ui/react-checkbox, @radix-ui/react-dialog
[2026-08-16T17:00:57.311Z] 5:00:57 PM [vite] (client) ✨ optimized dependencies changed. reloading
[2026-08-16T17:03:02.931Z] 5:03:02 PM [vite] (client) hmr update /src/index.css, /src/components/ContractDocument.tsx
[2026-08-16T17:03:12.770Z] 5:03:12 PM [vite] (client) hmr update /src/index.css, /src/components/ContractDocument.tsx
[2026-08-16T17:03:39.518Z] 5:03:39 PM [vite] (client) hmr update /src/index.css, /src/components/ContractDocument.tsx
[2026-08-16T17:03:54.005Z] 5:03:54 PM [vite] (client) hmr update /src/index.css, /src/components/ContractDocument.tsx
[2026-08-16T17:05:59.158Z] 5:05:59 PM [vite] (client) hmr update /src/index.css
[2026-08-16T17:06:27.425Z] 5:06:27 PM [vite] (client) hmr update /src/index.css, /src/components/ContractForm.tsx
[2026-08-16T17:06:36.834Z] 5:06:36 PM [vite] (client) hmr update /src/index.css, /src/components/ContractForm.tsx
[2026-08-16T17:06:50.624Z] 5:06:50 PM [vite] (client) hmr update /src/pages/Home.tsx, /src/index.css
[2026-08-16T17:06:57.872Z] 5:06:57 PM [vite] (client) hmr update /src/pages/Home.tsx, /src/index.css
[2026-08-16T17:07:41.870Z] 5:07:41 PM [vite] (client) hmr update /src/index.css, /src/components/ContractDocument.tsx
[2026-08-16T17:07:45.000Z] 5:07:45 PM [vite] (client) hmr update /src/pages/Home.tsx, /src/index.css
[2026-08-16T17:08:20.458Z] 5:08:20 PM [vite] (client) hmr update /src/index.css, /src/components/ContractForm.tsx
[2026-08-16T17:09:29.761Z] 5:09:29 PM [vite] (client) hmr update /src/index.css, /src/components/ContractForm.tsx
[2026-08-16T17:10:30.757Z] 5:10:30 PM [vite] (client) hmr update /src/index.css, /src/components/ContractDocument.tsx
[2026-08-16T17:10:30.774Z] 5:10:30 PM [vite] (client) hmr update /src/index.css, /src/components/ContractForm.tsx
[2026-08-16T17:23:55.849Z] 5:23:55 PM [vite] (client) hmr update /src/pages/Home.tsx, /src/index.css
[2026-08-16T17:23:57.869Z] 5:23:57 PM [vite] (client) ✨ new dependencies optimized: @radix-ui/react-accordion
[2026-08-16T17:23:57.869Z] 5:23:57 PM [vite] (client) ✨ optimized dependencies changed. reloading
[2026-08-16T17:25:05.401Z] ELIFECYCLE  Command failed.
[2026-08-16T17:25:05.446Z] Dev server exited with code -1
[2026-08-16T17:25:06.526Z] Starting dev server with command: pnpm run dev
[2026-08-16T17:25:07.253Z] > egypt-employment-contract-generator@1.0.0 dev /home/ubuntu/egypt-employment-contract-generator
[2026-08-16T17:25:07.253Z] > vite --host
[2026-08-16T17:25:07.753Z] VITE v7.1.9  ready in 456 ms
[2026-08-16T17:25:07.754Z] ➜  Local:   http://localhost:3000/
[2026-08-16T17:25:07.754Z] ➜  Network: http://169.254.0.21:3000/
[2026-08-16T17:25:08.832Z] [baseline-browser-mapping] The data in this module is over two months old.  To ensure accurate Baseline data, please update: `npm i baseline-browser-mapping@latest -D`
[2026-08-16T17:31:30.239Z] 5:31:30 PM [vite] (client) hmr update /src/index.css, /src/components/ContractDocument.tsx
[2026-08-16T17:31:42.036Z] 5:31:42 PM [vite] (client) hmr update /src/index.css, /src/components/ContractForm.tsx
[2026-08-16T17:31:48.858Z] 5:31:48 PM [vite] (client) hmr update /src/pages/Home.tsx, /src/index.css
[2026-08-16T17:32:45.955Z] ELIFECYCLE  Command failed.
[2026-08-16T17:32:45.973Z] Dev server exited with code -1
[2026-08-16T17:32:47.074Z] Starting dev server with command: pnpm run dev
[2026-08-16T17:32:47.807Z] > egypt-employment-contract-generator@1.0.0 dev /home/ubuntu/egypt-employment-contract-generator
[2026-08-16T17:32:47.807Z] > vite --host
[2026-08-16T17:32:48.220Z] VITE v7.1.9  ready in 369 ms
[2026-08-16T17:32:48.221Z] ➜  Local:   http://localhost:3000/
[2026-08-16T17:32:48.221Z] ➜  Network: http://169.254.0.21:3000/
[2026-08-16T17:32:49.256Z] [baseline-browser-mapping] The data in this module is over two months old.  To ensure accurate Baseline data, please update: `npm i baseline-browser-mapping@latest -D`
[2026-08-16T17:39:53.263Z] 5:39:53 PM [vite] (client) hmr update /src/index.css, /src/components/ContractDocument.tsx
[2026-08-16T17:40:01.637Z] 5:40:01 PM [vite] (client) hmr update /src/index.css, /src/components/ContractDocument.tsx
[2026-08-16T17:40:14.897Z] 5:40:14 PM [vite] (client) hmr update /src/index.css, /src/components/ContractDocument.tsx
[2026-08-16T17:40:37.008Z] 5:40:37 PM [vite] (client) hmr update /src/components/ContractDocument.tsx, /src/index.css
[2026-08-16T17:40:48.336Z] 5:40:48 PM [vite] (client) hmr update /src/components/ContractDocument.tsx, /src/index.css
[2026-08-16T17:40:55.261Z] 5:40:55 PM [vite] (client) hmr update /src/components/ContractDocument.tsx, /src/index.css
[2026-08-16T17:41:52.762Z] 5:41:52 PM [vite] (client) hmr update /src/pages/Home.tsx, /src/index.css
[2026-08-16T17:44:38.437Z] ELIFECYCLE  Command failed.
[2026-08-16T17:44:38.467Z] Dev server exited with code -1
[2026-08-16T17:44:39.557Z] Starting dev server with command: pnpm run dev
[2026-08-16T17:44:40.280Z] > egypt-employment-contract-generator@1.0.0 dev /home/ubuntu/egypt-employment-contract-generator
[2026-08-16T17:44:40.280Z] > vite --host
[2026-08-16T17:44:40.712Z] 5:44:40 PM [vite] (client) Re-optimizing dependencies because lockfile has changed
[2026-08-16T17:44:40.746Z] VITE v7.1.9  ready in 420 ms
[2026-08-16T17:44:40.746Z] ➜  Local:   http://localhost:3000/
[2026-08-16T17:44:40.746Z] ➜  Network: http://169.254.0.21:3000/
[2026-08-16T17:44:41.732Z] [baseline-browser-mapping] The data in this module is over two months old.  To ensure accurate Baseline data, please update: `npm i baseline-browser-mapping@latest -D`
[2026-08-16T17:45:19.595Z] 5:45:19 PM [vite] (client) hmr update /src/pages/Home.tsx, /src/index.css
[2026-08-16T17:45:20.572Z] 5:45:20 PM [vite] (client) ✨ new dependencies optimized: html2canvas-pro, jspdf
[2026-08-16T17:45:20.572Z] 5:45:20 PM [vite] (client) ✨ optimized dependencies changed. reloading
[2026-08-16T17:50:44.173Z] 5:50:44 PM [vite] (client) hmr update /src/index.css, /src/pages/Home.tsx
[2026-08-16T17:50:49.074Z] 5:50:49 PM [vite] (client) hmr update /src/index.css, /src/pages/Home.tsx
[2026-08-16T17:51:00.557Z] 5:51:00 PM [vite] (client) hmr update /src/index.css, /src/pages/Home.tsx
[2026-08-16T17:54:33.863Z] ELIFECYCLE  Command failed.
[2026-08-16T17:54:33.879Z] Dev server exited with code -1
[2026-08-16T17:54:34.987Z] Starting dev server with command: pnpm run dev
[2026-08-16T17:54:35.713Z] > egypt-employment-contract-generator@1.0.0 dev /home/ubuntu/egypt-employment-contract-generator
[2026-08-16T17:54:35.714Z] > vite --host
[2026-08-16T17:54:36.111Z] VITE v7.1.9  ready in 354 ms
[2026-08-16T17:54:36.111Z] ➜  Local:   http://localhost:3000/
[2026-08-16T17:54:36.112Z] ➜  Network: http://169.254.0.21:3000/
[2026-08-16T17:54:37.180Z] [baseline-browser-mapping] The data in this module is over two months old.  To ensure accurate Baseline data, please update: `npm i baseline-browser-mapping@latest -D`
[2026-08-16T18:02:39.999Z] 6:02:39 PM [vite] (client) hmr update /src/components/ContractDocument.tsx, /src/index.css
